// Jest Snapshot v1, https://goo.gl/fbAQLP

exports[`add a movie when a use wants to view the form to add a movie then: we return the view of the form 1`] = `"<!DOCTYPE html ><html lang="en-US"><head> <title>The Ultimate Movie App </title><meta charset="UTF-8"/><link rel="stylesheet" href="/stylesheets/application.css"/></head><body> <header> <h1>The Ultimate Movie App </h1></header><main> <form action="/movies/create" method="post"><dl><dt><label for="title">Enter the title of a new movie:</label></dt><dd><input type="text" id="title" name="title" placeholder="Movie Title"/></dd><dt><label for="year">Enter the movie's year of release:</label></dt><dd><input type="text" id="year" name="year" placeholder="Release Year"/></dd><dt><label for="runTime">Enter the movie's run time:</label></dt><dd><input type="text" id="runTime" name="runTime" placeholder="Run time"/></dd></dl><fieldset class="actions"><input type="submit" value="Add Movie"/><input type="reset" value="Clear Form"/></fieldset></form></main></body></html>"`;
