// Jest Snapshot v1, https://goo.gl/fbAQLP

exports[`get all movies when: users want to view all movies then: we return all the movies in an array 1`] = `"<!DOCTYPE html ><html lang="en-US"><head> <title>The Ultimate Movie App </title><meta charset="UTF-8"/><link rel="stylesheet" href="/stylesheets/application.css"/></head><body> <header> <h1>The Ultimate Movie App </h1></header><main> <p>Here are your favourite movies:</p><p>[{&quot;id&quot;:1,&quot;movie_title&quot;:&quot;Nosferatu&quot;,&quot;movie_year&quot;:2024,&quot;run_time&quot;:132},{&quot;id&quot;:2,&quot;movie_title&quot;:&quot;Point Break&quot;,&quot;movie_year&quot;:1991,&quot;run_time&quot;:122}]</p></main></body></html>"`;
