// Jest Snapshot v1, https://goo.gl/fbAQLP

exports[`get all movies when: users want to view all movies then: we return all the movies in an array 1`] = `"<!DOCTYPE html ><html lang="en-US"><head> <title>The Ultimate Movie App </title><meta charset="UTF-8"/><link rel="stylesheet" href="/stylesheets/application.css"/></head><body> <header> <h1>The Ultimate Movie App </h1></header><main> <p>Here are your favourite movies:</p><ul></ul><li>Nosferatu</li><li>Point Break</li></main></body></html>"`;
