// Jest Snapshot v1, https://goo.gl/fbAQLP

exports[`get all reviews when: user wants to view ALL reviews by ONE reviewwer then: we return all the reviews by that ONE reviewer 1`] = `
<!DOCTYPE html>
<html lang="en-US">
  <head>
    <title>
      The Ultimate Movie App
    </title>
    <meta charset="UTF-8">
    <link rel="stylesheet"
          href="/stylesheets/application.css"
    >
  </head>
  <body>
    <header>
      <h1>
        The Ultimate Movie App
      </h1>
    </header>
    <main>
      <p>
        Here are the Movie Reviews:
        <form action="/reviews/create"
              method="get"
        >
          <button>
            Add a Review
          </button>
        </form>
      </p>
      <ul>
      </ul>
      <table>
        <tr>
          <td>
            <a href="/reviews/3">
              Point Break
            </a>
          </td>
          <td>
            | Reviewed by:
            <a href="/reviews/reviewers/my chicken">
              my chicken
            </a>
          </td>
          <td>
            | Grade: c
          </td>
        </tr>
      </table>
    </main>
  </body>
</html>
`;

exports[`get all reviews when: user wants to view ALL reviews of ONE movie then: we return all the reviews of that one movie 1`] = `
<!DOCTYPE html>
<html lang="en-US">
  <head>
    <title>
      The Ultimate Movie App
    </title>
    <meta charset="UTF-8">
    <link rel="stylesheet"
          href="/stylesheets/application.css"
    >
  </head>
  <body>
    <header>
      <h1>
        The Ultimate Movie App
      </h1>
    </header>
    <main>
      <p>
        Here are the Movie Reviews:
        <form action="/reviews/create"
              method="get"
        >
          <button>
            Add a Review
          </button>
        </form>
      </p>
      <ul>
      </ul>
      <table>
        <tr>
          <td>
            <a href="/reviews/3">
              Point Break
            </a>
          </td>
          <td>
            | Reviewed by:
            <a href="/reviews/reviewers/my chicken">
              my chicken
            </a>
          </td>
          <td>
            | Grade: c
          </td>
        </tr>
      </table>
    </main>
  </body>
</html>
`;

exports[`get all reviews when: user wants to view ALL reviews then: we return all the reviews with the movie title and the grade 1`] = `
<!DOCTYPE html>
<html lang="en-US">
  <head>
    <title>
      The Ultimate Movie App
    </title>
    <meta charset="UTF-8">
    <link rel="stylesheet"
          href="/stylesheets/application.css"
    >
  </head>
  <body>
    <header>
      <h1>
        The Ultimate Movie App
      </h1>
    </header>
    <main>
      <p>
        Here are the Movie Reviews:
        <form action="/reviews/create"
              method="get"
        >
          <button>
            Add a Review
          </button>
        </form>
      </p>
      <ul>
      </ul>
      <table>
        <tr>
          <td>
            <a href="/reviews/3">
              Point Break
            </a>
          </td>
          <td>
            | Reviewed by:
            <a href="/reviews/reviewers/my chicken">
              my chicken
            </a>
          </td>
          <td>
            | Grade: c
          </td>
        </tr>
      </table>
    </main>
  </body>
</html>
`;
