// Jest Snapshot v1, https://goo.gl/fbAQLP

exports[`get all reviews when: user wants to view ALL reviews then: we return all the reviews with the movie title and the grade 1`] = `"<!DOCTYPE html ><html lang="en-US"><head> <title>The Ultimate Movie App </title><meta charset="UTF-8"/><link rel="stylesheet" href="/stylesheets/application.css"/></head><body> <header> <h1>The Ultimate Movie App </h1></header><main> <p>Here are the Movie Reviews:</p><ul></ul><p> </p><a href="/reviews/3">Point Break<p>c stoopid chicken movie</p></a></main></body></html>"`;
