// Jest Snapshot v1, https://goo.gl/fbAQLP

exports[`get a movie when: users want to view ONE movie then: we return all the information about that ONE movie 1`] = `
<!DOCTYPE html>
<html lang="en-US">
  <head>
    <title>
    </title>
    <meta charset="UTF-8">
    <link rel="stylesheet"
          href="/stylesheets/application.css"
    >
  </head>
  <body>
    <header>
      <h1>
        <a href="/">
          The Ultimate Movie App
        </a>
      </h1>
    </header>
    <main>
      <p>
        Here is your selected movie:
      </p>
      <table>
        <tbody>
          <tr>
            <td>
              <b>
                Title:
              </b>
              Notorious
            </td>
          </tr>
          <tr>
            <td>
              <b>
                Year:
              </b>
              1946
            </td>
          </tr>
          <tr>
            <td>
              <b>
                Run-Time:
              </b>
              101 minutes
            </td>
          </tr>
        </tbody>
        <form action="/movies/2/reviews"
              method="get"
        >
          <button>
            See Reviews
          </button>
        </form>
      </table>
      <form action="/movies/update/2"
            method="get"
      >
        <button>
          Edit Movie
        </button>
      </form>
      <form action="/movies/delete/2"
            method="post"
      >
        <button type="submit">
          Delete Movie
        </button>
      </form>
    </main>
  </body>
</html>
`;
