// Jest Snapshot v1, https://goo.gl/fbAQLP

exports[`sign up when: a user wants to view the form to signup then: we return the view of the form 1`] = `
<!DOCTYPE html>
<html lang="en-US">
  <head>
    <title>
      The Ultimate Movie App
    </title>
    <meta charset="UTF-8">
    <link rel="stylesheet"
          href="/stylesheets/application.css"
    >
  </head>
  <body>
    <header>
      <h1>
        The Ultimate Movie App
      </h1>
    </header>
    <main>
      <form action="/signUp"
            method="post"
      >
        <dl>
          <dt>
            <label for="username">
              Enter a username:
            </label>
          </dt>
          <dd>
            <input type="text"
                   id="username"
                   name="username"
                   placeholder="name"
            >
          </dd>
          <dt>
            <label for="email">
              Enter a valid email:
            </label>
          </dt>
          <dd>
            <input type="email"
                   id="email"
                   name="email"
                   placeholder="username@example.com"
            >
          </dd>
          <dt>
            <label for="password">
              Create a password:
            </label>
          </dt>
          <dd>
            <input type="password"
                   id="password"
                   name="password"
            >
          </dd>
          <dt>
            <label for="passwordConfirmation">
              Confirm your password:
            </label>
          </dt>
          <dd>
            <input type="text"
                   id="passwordConfirmation"
                   name="passwordConfirmation"
            >
          </dd>
        </dl>
        <fieldset class="actions">
          <input type="submit"
                 value="Submit"
          >
          <input type="reset"
                 value="Clear Form"
          >
        </fieldset>
        <p>
        </p>
        <a href="/signin">
          Have an account? Sign In
        </a>
      </form>
    </main>
  </body>
</html>
`;
