// Jest Snapshot v1, https://goo.gl/fbAQLP

exports[`sign in when: a user wants to view the form to signin then: we return the view of the form 1`] = `
<!DOCTYPE html>
<html lang="en-US">
  <head>
    <title>
    </title>
    <meta charset="UTF-8">
    <link rel="stylesheet"
          href="/stylesheets/application.css"
    >
  </head>
  <body>
    <header>
      <h1>
        <a href="/">
          The Ultimate Movie App
        </a>
      </h1>
    </header>
    <main>
      <p>
      </p>
      <b>
        Sign In:
      </b>
      <form action="/signIn"
            method="post"
      >
        <dl>
          <dt>
            <label for="username">
              Enter your username:
            </label>
          </dt>
          <dd>
            <input type="text"
                   id="username"
                   name="username"
                   placeholder="name"
            >
          </dd>
          <dt>
            <label for="email">
              Enter your email:
            </label>
          </dt>
          <dd>
            <input type="email"
                   id="email"
                   name="email"
                   placeholder="username@example.com"
            >
          </dd>
          <dt>
            <label for="password">
              Enter your password:
            </label>
          </dt>
          <dd>
            <input type="password"
                   id="password"
                   name="password"
            >
          </dd>
        </dl>
        <fieldset class="actions">
          <input type="submit"
                 value="Submit"
          >
          <input type="reset"
                 value="Clear Form"
          >
        </fieldset>
      </form>
      <p>
        <a href="/signUp">
          Don't have an account? Sign Up
        </a>
      </p>
    </main>
  </body>
</html>
`;
